main.c:109:6:Choosen_USART_Option	16	static
main.c:114:6:Option_1_performer	24	static
main.c:123:6:Option_2_performer	24	static
main.c:132:6:Option_3_performer	24	static
main.c:150:6:Option_4_performer	8	static
main.c:154:6:Option_5_performer	8	static
main.c:158:6:Option_6_performer	8	static
main.c:162:6:Option_7_performer	32	static
main.c:182:6:MPU6050_Update	24	static
main.c:189:6:RGB_LED_Level_Notificator	32	static
main.c:248:6:RGB_Standby_Animation	8	static
main.c:266:6:Stop_BLDCs	4	static
main.c:277:5:main	56	static
main.c:406:6:SystemClock_Config	120	static
main.c:457:13:MX_I2C1_Init	8	static
main.c:503:13:MX_TIM2_Init	64	static
main.c:566:13:MX_TIM15_Init	112	static
main.c:646:13:MX_TIM16_Init	80	static
main.c:709:13:MX_TIM17_Init	80	static
main.c:772:13:MX_USART2_UART_Init	8	static
main.c:807:13:MX_GPIO_Init	48	static
main.c:830:6:HAL_UART_RxCpltCallback	24	static
main.c:921:6:HAL_GPIO_EXTI_Callback	16	static
main.c:936:6:Error_Handler	4	static,ignoring_inline_asm
